// Jest Snapshot v1, https://goo.gl/fbAQLP

exports[`IconComponent affiche l'icône avec les propriétés correctes lorsqu'elle est concentrée 1`] = `<Text />`;

exports[`IconComponent affiche l'icône avec les propriétés correctes lorsqu'elle n'est pas concentrée 1`] = `
<Text
  allowFontScaling={false}
  focused={false}
  selectable={false}
  style={
    [
      {
        "color": undefined,
        "fontSize": 24,
      },
      {
        "color": "#fff",
      },
      {
        "fontFamily": "FontAwesome",
        "fontStyle": "normal",
        "fontWeight": "normal",
      },
      {},
    ]
  }
  testID="icon"
>
  
</Text>
`;
